[desktop:chrome] setting up browser session
test_keyboard_bindings_and_reactions (__main__.DesktopKeyboardReactionsTest_chrome.test_keyboard_bindings_and_reactions) ... [desktop:chrome] test running
[desktop] checking keyboard interactions
[desktop] keyboard interactions complete
[desktop] starting built-in self-tests
[desktop] built-in self-tests passed
ok
[mobile:chrome] setting up browser session
test_mobile_controls_and_long_presses (__main__.MobileTouchInteractionsTest_chrome.test_mobile_controls_and_long_presses) ... [mobile:chrome] test running
[mobile] checking touch interactions
[mobile] touch interactions complete
[mobile] starting built-in self-tests
[mobile] built-in self-tests passed
ok
test_headless_chrome_stress (__main__.HeadlessChromeStressTest.test_headless_chrome_stress) ... [stress] test running
[stress] launching 5 headless Chrome sessions
[stress:1] starting headless Chrome session
[stress:2] starting headless Chrome session
[stress:3] starting headless Chrome session
[stress:4] starting headless Chrome session
[stress:5] starting headless Chrome session
[stress:4] running desktop checks
[desktop] checking keyboard interactions
[stress:2] running desktop checks
[desktop] checking keyboard interactions
[stress:1] running desktop checks
[desktop] checking keyboard interactions
[stress:3] running desktop checks
[desktop] checking keyboard interactions
[stress:5] running desktop checks
[desktop] checking keyboard interactions
[desktop] keyboard interactions complete
[desktop] starting built-in self-tests
[desktop] keyboard interactions complete
[desktop] starting built-in self-tests
[desktop] keyboard interactions complete
[desktop] starting built-in self-tests
[desktop] keyboard interactions complete
[desktop] starting built-in self-tests
[desktop] keyboard interactions complete
[desktop] starting built-in self-tests
[desktop] built-in self-tests passed
[stress:4] completed
[desktop] built-in self-tests passed
[stress:5] completed
[desktop] built-in self-tests passed
[stress:2] completed
[desktop] built-in self-tests passed
[stress:3] completed
[desktop] built-in self-tests passed
[stress:1] completed
[stress] all headless Chrome sessions passed
ok

----------------------------------------------------------------------
Ran 3 tests in 45.110s

OK

Test exit code: 0
